// Jest Snapshot v1, https://goo.gl/fbAQLP

exports[`Modal snapshot is unchanged 1`] = `
[
  <h1>
    Modal Component
  </h1>,
  "Hello World",
]
`;
